{
	"Entries": [
		{
			"ElemType": 112,
			"Limits": {
				"Initial": 5682,
				"Maximum": 0
			}
		}
	]
}